// Jest Snapshot v1, https://goo.gl/fbAQLP

exports[`(Component) Tabs should pass snapshot test 1`] = `
<div
  data-testid="Tabs-wrapper"
>
  aesr
</div>
`;
