// Jest Snapshot v1, https://goo.gl/fbAQLP

exports[`(Component) Tab should pass snapshot test 1`] = `
<div
  className="undefined undefined"
  data-testid="Tab-wrapper"
  onClick={[Function]}
>
  test
  <SvgIcon
    fill="#f1f1f1"
    height={20}
    width={20}
  />
</div>
`;
