// Jest Snapshot v1, https://goo.gl/fbAQLP

exports[`(Component) TopPageHeader should pass snapshot test 1`] = `
<div
  data-testid="TopPageHeader-wrapper"
>
  <section>
    <SvgIcon
      fill="#b1b0b5"
      height={25}
      width={25}
    />
    <div
      data-testid="Input-wrapper"
    >
      <input
        data-testid="searchInput"
        name="searchProduct"
        onChange={[Function]}
        placeholder="Search product"
        type="text"
        value="search"
      />
    </div>
  </section>
  <section>
    <SvgIcon
      fill="#b1b0b5"
      height={25}
      width={25}
    />
    <SvgIcon
      fill="#b1b0b5"
      height={20}
      width={25}
    />
  </section>
</div>
`;
