// Jest Snapshot v1, https://goo.gl/fbAQLP

exports[`(Component) ProductDetail should pass snapshot test 1`] = `
<h1>
  Failed to load
</h1>
`;
