// Jest Snapshot v1, https://goo.gl/fbAQLP

exports[`(Component) Button should pass snapshot test 1`] = `
<button
  className="undefined className"
  data-testid="Button-wrapper"
  onClick={[Function]}
/>
`;
