// Jest Snapshot v1, https://goo.gl/fbAQLP

exports[`(Component) ProductCategories should pass snapshot test 1`] = `
<div
  data-testid="ProductCategories-wrapper"
>
  <div
    data-testid="Tabs-wrapper"
  >
    <div
      className="undefined undefined"
      data-testid="Tab-wrapper"
      onClick={[Function]}
    >
      インテリア
      <SvgIcon
        fill="#f1f1f1"
        height={20}
        width={20}
      />
    </div>
    <div
      className="undefined false"
      data-testid="Tab-wrapper"
      onClick={[Function]}
    >
      レディース
    </div>
    <div
      className="undefined false"
      data-testid="Tab-wrapper"
      onClick={[Function]}
    >
      ベビー・キッズ
    </div>
  </div>
</div>
`;
